In my_gcd_noinfo(a, b) at nope.jl:2
4   │          Core.NewvarNode(:(u))
5   │          Core.NewvarNode(:(v))
6   │          Core.NewvarNode(:(r))
7   │    %7  = (==)(a, 0)
8   └───       goto #4 if not %7
9   2 ── %9  = (abs)(b)

About to run: (==)(10, 0)
1|debug> 