In my_gcd_noinfo(a, b) at nope.jl:2

About to run: (==)(10, 0)
1|debug> 